
> frontend@0.1.0 build
> next build

node.exe : ÔÜá `eslint` configuration in next.config.ts is no longer supported. See more info here: 
https://nextjs.org/docs/app/api-reference/cli/next#next-lint-options
At line:1 char:1
+ & "C:\Program Files\nodejs/node.exe" "C:\Users\BUNTY\AppData\Roaming\ ...
+ ~~~~~~~~~~~~~~~~~~~~~~~~~~~~~~~~~~~~~~~~~~~~~~~~~~~~~~~~~~~~~~~~~~~~~
    + CategoryInfo          : NotSpecified: (ÔÜá `eslint` co...xt-lint-options:String) [], RemoteException
    + FullyQualifiedErrorId : NativeCommandError
 
ÔÜá Invalid next.config.ts options detected: 
ÔÜá     Unrecognized key(s) in object: 'eslint'
ÔÜá See more info here: https://nextjs.org/docs/messages/invalid-next-config
ÔÜá Warning: Next.js inferred your workspace root, but it may not be correct.
 We detected multiple lockfiles and selected the directory of C:\Users\BUNTY\package-lock.json as the root directory.
 To silence this warning, set `turbopack.root` in your Next.js config, or consider removing one of the lockfiles if 
it's not needed.
   See https://nextjs.org/docs/app/api-reference/config/next-config-js/turbopack#root-directory for more information.
 Detected additional lockfiles: 
   * C:\Users\BUNTY\Desktop\dexxxx\frontend\package-lock.json

Ôû▓ Next.js 16.2.4 (Turbopack)

  Creating an optimized production build ...

> Build error occurred
Error: Turbopack build failed with 1 errors:
./Desktop/dexxxx/frontend/src/components/views/SwapView.tsx:359:13
Expected '</', got 'ident'
  [90m357 |[0m               </div>
  [90m358 |[0m             )}
[31m[1m>[0m [90m359 |[0m           </div>
  [90m    |[0m             [31m[1m^^^[0m
  [90m360 |[0m               </>
  [90m361 |[0m             ) : activeTab === [32m'send'[0m ? (
  [90m362 |[0m               <div className=[32m"space-y-4"[0m>

Parsing ecmascript source code failed

Import traces:
  Client Component Browser:
    ./Desktop/dexxxx/frontend/src/components/views/SwapView.tsx [Client Component Browser]
    ./Desktop/dexxxx/frontend/src/app/page.tsx [Client Component Browser]
    ./Desktop/dexxxx/frontend/src/app/page.tsx [Server Component]

  Client Component SSR:
    ./Desktop/dexxxx/frontend/src/components/views/SwapView.tsx [Client Component SSR]
    ./Desktop/dexxxx/frontend/src/app/page.tsx [Client Component SSR]
    ./Desktop/dexxxx/frontend/src/app/page.tsx [Server Component]


    at <unknown> (./Desktop/dexxxx/frontend/src/components/views/SwapView.tsx:359:13)
